// Vitest Snapshot v1, https://vitest.dev/guide/snapshot.html

exports[`route manifest > snapshot: sorted KNOWN_NON_MOUNTED allowlist 1`] = `
[
  "routes-api-keys.ts",
]
`;

exports[`route manifest > snapshot: sorted manifest file paths (additions/removals must be intentional) 1`] = `
[
  "routes-ab-tests.ts",
  "routes-account-security.ts",
  "routes-accounting.ts",
  "routes-acquisition-radar.ts",
  "routes-acquisition-utm.ts",
  "routes-activation.ts",
  "routes-admin-audit.ts",
  "routes-admin-compliance.ts",
  "routes-admin-finance.ts",
  "routes-admin-recovery.ts",
  "routes-admin.ts",
  "routes-agent-claims.ts",
  "routes-agent-prereqs.ts",
  "routes-ai-cost.ts",
  "routes-ai-disclosure.ts",
  "routes-ai-draft.ts",
  "routes-ai-operations.ts",
  "routes-ai.ts",
  "routes-analytics.ts",
  "routes-api-contract.ts",
  "routes-api-docs.ts",
  "routes-arv.ts",
  "routes-autonomous-agent.ts",
  "routes-autonomy.ts",
  "routes-autopilot.ts",
  "routes-avm.ts",
  "routes-beatrice-regwatch.ts",
  "routes-bid-estimates.ts",
  "routes-billing.ts",
  "routes-bookkeeping.ts",
  "routes-borrower.ts",
  "routes-bulk.ts",
  "routes-buyer-analytics.ts",
  "routes-buyer-blasts.ts",
  "routes-buyer-network.ts",
  "routes-buyer-qualification.ts",
  "routes-byok.ts",
  "routes-campaigns.ts",
  "routes-capital-markets.ts",
  "routes-cash-flow.ts",
  "routes-ccr-templates.ts",
  "routes-certification.ts",
  "routes-closing.ts",
  "routes-cmo.ts",
  "routes-cohort-analysis.ts",
  "routes-cohort-ltv.ts",
  "routes-cohort-retention.ts",
  "routes-comments.ts",
  "routes-communications.ts",
  "routes-compliance.ts",
  "routes-connections.ts",
  "routes-construction-draws.ts",
  "routes-contract-chain.ts",
  "routes-contractors.ts",
  "routes-core-ai.ts",
  "routes-cost-optimizer.ts",
  "routes-county-coverage.ts",
  "routes-county-timelines.ts",
  "routes-crm-extras.ts",
  "routes-customer-audit.ts",
  "routes-customer-health.ts",
  "routes-customer-letter.ts",
  "routes-dashboard.ts",
  "routes-data-api.ts",
  "routes-data-intelligence.ts",
  "routes-data-sources.ts",
  "routes-deal-feed.ts",
  "routes-deal-patterns.ts",
  "routes-deal-rooms.ts",
  "routes-deal-underwriting.ts",
  "routes-deals.ts",
  "routes-decisions.ts",
  "routes-deliverability.ts",
  "routes-dispatch.ts",
  "routes-disposition.ts",
  "routes-doc-system.ts",
  "routes-document-intelligence.ts",
  "routes-documents.ts",
  "routes-dodd-frank.ts",
  "routes-double-close.ts",
  "routes-drive-mode.ts",
  "routes-dsar.ts",
  "routes-due-diligence.ts",
  "routes-dunning.ts",
  "routes-earnest-money.ts",
  "routes-eddm.ts",
  "routes-elite-features.ts",
  "routes-enhancements.ts",
  "routes-epic-services.ts",
  "routes-error-boundary-aggregator.ts",
  "routes-error-boundary.ts",
  "routes-error-budget.ts",
  "routes-etl.ts",
  "routes-eval.ts",
  "routes-exchange-1031.ts",
  "routes-external-watch.ts",
  "routes-feature-flags.ts",
  "routes-feedback.ts",
  "routes-field-scout.ts",
  "routes-finance-ledger.ts",
  "routes-finance.ts",
  "routes-flip-analyzer.ts",
  "routes-founder-anticipatory-enterprise.ts",
  "routes-founder-appeals.ts",
  "routes-founder-audit.ts",
  "routes-founder-bridge.ts",
  "routes-founder-bypass.ts",
  "routes-founder-chat.ts",
  "routes-founder-cockpit.ts",
  "routes-founder-collab.ts",
  "routes-founder-compliance.ts",
  "routes-founder-conscious-organization.ts",
  "routes-founder-cost.ts",
  "routes-founder-coverage.ts",
  "routes-founder-critical-alerts.ts",
  "routes-founder-customers.ts",
  "routes-founder-dlq.ts",
  "routes-founder-financials.ts",
  "routes-founder-graduation.ts",
  "routes-founder-inspector-finance.ts",
  "routes-founder-inspector.ts",
  "routes-founder-integrations.ts",
  "routes-founder-intelligence.ts",
  "routes-founder-letters.ts",
  "routes-founder-life-cockpit.ts",
  "routes-founder-market-reports.ts",
  "routes-founder-money.ts",
  "routes-founder-now.ts",
  "routes-founder-paid-data-eval.ts",
  "routes-founder-pulse.ts",
  "routes-founder-real-runtime.ts",
  "routes-founder-recourse.ts",
  "routes-founder-self-running-company.ts",
  "routes-founder-sentient-enterprise.ts",
  "routes-founder-studio-dials.ts",
  "routes-founder-studio.ts",
  "routes-founder-vendor-status.ts",
  "routes-gdpr.ts",
  "routes-import-export.ts",
  "routes-inbound-email.ts",
  "routes-incidents.ts",
  "routes-integrations.ts",
  "routes-investor-analytics.ts",
  "routes-investor-verification.ts",
  "routes-iris-perf.ts",
  "routes-job-health.ts",
  "routes-kb.ts",
  "routes-kpis.ts",
  "routes-land-credit.ts",
  "routes-lead-enrichment.ts",
  "routes-leads.ts",
  "routes-legal-holds.ts",
  "routes-lifecycle.ts",
  "routes-lot-basis.ts",
  "routes-lot-pricing.ts",
  "routes-mailbox.ts",
  "routes-maintenance-tickets.ts",
  "routes-market-heat.ts",
  "routes-market-intelligence.ts",
  "routes-market-watchlist.ts",
  "routes-marketing-touch.ts",
  "routes-marketplace.ts",
  "routes-matching.ts",
  "routes-metrics.ts",
  "routes-micro-features.ts",
  "routes-misc.ts",
  "routes-ml-snapshots.ts",
  "routes-morning-pulse.ts",
  "routes-move-inspections.ts",
  "routes-needs-onboarding.ts",
  "routes-night-cap.ts",
  "routes-note-acquisitions.ts",
  "routes-notes.ts",
  "routes-notifications.ts",
  "routes-observability-cost.ts",
  "routes-onboarding-funnel.ts",
  "routes-onboarding.ts",
  "routes-opportunities.ts",
  "routes-organization.ts",
  "routes-outreach-mail.ts",
  "routes-parcel-alerts.ts",
  "routes-parcel-biography.ts",
  "routes-pax-appeals.ts",
  "routes-pax-audit.ts",
  "routes-pax-calibration.ts",
  "routes-pax-context.ts",
  "routes-pax-disclosure.ts",
  "routes-pax-insights.ts",
  "routes-pax-quality.ts",
  "routes-pax-traces.ts",
  "routes-permit-tracker.ts",
  "routes-persona.ts",
  "routes-plan-proposals.ts",
  "routes-platform-features.ts",
  "routes-portfolio-health.ts",
  "routes-portfolio-optimizer.ts",
  "routes-portfolio-pnl.ts",
  "routes-portfolio-sentinel.ts",
  "routes-predictions.ts",
  "routes-preferences.ts",
  "routes-price-optimizer.ts",
  "routes-privacy-dsar.ts",
  "routes-prompt-versions.ts",
  "routes-properties.ts",
  "routes-property-enrichment.ts",
  "routes-property-expenses.ts",
  "routes-property-tax.ts",
  "routes-public-parcel-check.ts",
  "routes-public-parcel-report.ts",
  "routes-public-sign.ts",
  "routes-public-trust.ts",
  "routes-quiet-title.ts",
  "routes-realtime.ts",
  "routes-recording-fees.ts",
  "routes-referral.ts",
  "routes-regulatory.ts",
  "routes-rehab-photos.ts",
  "routes-rehabs.ts",
  "routes-rent-ledger.ts",
  "routes-rent-roll-import.ts",
  "routes-rentals.ts",
  "routes-rosy-river.ts",
  "routes-scenarios.ts",
  "routes-scp-v2.ts",
  "routes-seller-intent.ts",
  "routes-sendgrid-events.ts",
  "routes-seo-head.ts",
  "routes-servicer.ts",
  "routes-ses-events.ts",
  "routes-setup.ts",
  "routes-skip-tracing.ts",
  "routes-solene-audit.ts",
  "routes-solene-chat.ts",
  "routes-solene-page.ts",
  "routes-soren-seo.ts",
  "routes-sovereign-integration.ts",
  "routes-sub-processors.ts",
  "routes-subdivision-plans.ts",
  "routes-subdivisions.ts",
  "routes-subscription.ts",
  "routes-support-customer-context.ts",
  "routes-support-saved-replies.ts",
  "routes-support-tickets.ts",
  "routes-syndication.ts",
  "routes-tax-certificates.ts",
  "routes-tax-delinquent.ts",
  "routes-tax-researcher.ts",
  "routes-tax-rules.ts",
  "routes-team-improvement.ts",
  "routes-team-messaging.ts",
  "routes-team-readiness.ts",
  "routes-team-system-audit.ts",
  "routes-tenant-theme.ts",
  "routes-territories.ts",
  "routes-title-partners.ts",
  "routes-title-search.ts",
  "routes-today.ts",
  "routes-transparency.ts",
  "routes-ui-state.ts",
  "routes-underwriting-defaults.ts",
  "routes-unit-economics.ts",
  "routes-va-engine.ts",
  "routes-voice-learning.ts",
  "routes-well-known.ts",
  "routes-white-label.ts",
  "routes-wholesaler-dashboard.ts",
  "routes-wholesaler-rules.ts",
  "routes-worker-heartbeat.ts",
  "routes-zoning.ts",
]
`;
